pytest : Windows fatal exception: code 0xc0000139
発生場所 行:1 文字:1
+ pytest --tb=short > pytest_output.txt 2>&1
+ ~~~~~~~~~~~~~~~~~~~~~~~~~~~~~~~~~~~~~~~~~~
    + CategoryInfo          : NotSpecified: (Windows fatal exception: c 
   ode 0xc0000139:String) [], RemoteException
    + FullyQualifiedErrorId : NativeCommandError
 

Current thread 0x000080d4 (most recent call first):
  File "<frozen importlib._bootstrap>", line 488 in _call_with_frames_re
moved
  File "<frozen importlib._bootstrap_external>", line 1320 in create_mod
ule
  File "<frozen importlib._bootstrap>", line 813 in module_from_spec
  File "<frozen importlib._bootstrap>", line 921 in _load_unlocked
  File "<frozen importlib._bootstrap>", line 1331 in _find_and_load_unlo
cked
  File "<frozen importlib._bootstrap>", line 1360 in _find_and_load
  File "E:\Research\Calculation\moleditpy\DEV_MAIN\python_molecular_edit
or\tests\gui\conftest.py", line 5 in <module>
  File "C:\Users\hiro2\AppData\Local\Programs\Python\Python313\Lib\site-
packages\_pytest\assertion\rewrite.py", line 197 in exec_module
  File "<frozen importlib._bootstrap>", line 935 in _load_unlocked
  File "<frozen importlib._bootstrap>", line 1331 in _find_and_load_unlo
cked
  File "<frozen importlib._bootstrap>", line 1360 in _find_and_load
  File "<frozen importlib._bootstrap>", line 1387 in _gcd_import
  File "C:\Users\hiro2\AppData\Local\Programs\Python\Python313\Lib\impor
tlib\__init__.py", line 88 in import_module
  File "C:\Users\hiro2\AppData\Local\Programs\Python\Python313\Lib\site-
packages\_pytest\pathlib.py", line 587 in import_path
  File "C:\Users\hiro2\AppData\Local\Programs\Python\Python313\Lib\site-
packages\_pytest\config\__init__.py", line 728 in _importconftest
  File "C:\Users\hiro2\AppData\Local\Programs\Python\Python313\Lib\site-
packages\_pytest\config\__init__.py", line 677 in _loadconftestmodules
  File "C:\Users\hiro2\AppData\Local\Programs\Python\Python313\Lib\site-
packages\_pytest\runner.py", line 389 in collect
  File "C:\Users\hiro2\AppData\Local\Programs\Python\Python313\Lib\site-
packages\_pytest\runner.py", line 353 in from_call
  File "C:\Users\hiro2\AppData\Local\Programs\Python\Python313\Lib\site-
packages\_pytest\runner.py", line 400 in pytest_make_collect_report
  File "C:\Users\hiro2\AppData\Local\Programs\Python\Python313\Lib\site-
packages\pluggy\_callers.py", line 121 in _multicall
  File "C:\Users\hiro2\AppData\Local\Programs\Python\Python313\Lib\site-
packages\pluggy\_manager.py", line 120 in _hookexec
  File "C:\Users\hiro2\AppData\Local\Programs\Python\Python313\Lib\site-
packages\pluggy\_hooks.py", line 512 in __call__
  File "C:\Users\hiro2\AppData\Local\Programs\Python\Python313\Lib\site-
packages\_pytest\runner.py", line 576 in collect_one_node
  File "C:\Users\hiro2\AppData\Local\Programs\Python\Python313\Lib\site-
packages\_pytest\main.py", line 883 in _collect_one_node
  File "C:\Users\hiro2\AppData\Local\Programs\Python\Python313\Lib\site-
packages\_pytest\main.py", line 1020 in genitems
  File "C:\Users\hiro2\AppData\Local\Programs\Python\Python313\Lib\site-
packages\_pytest\main.py", line 1023 in genitems
  File "C:\Users\hiro2\AppData\Local\Programs\Python\Python313\Lib\site-
packages\_pytest\main.py", line 1023 in genitems
  File "C:\Users\hiro2\AppData\Local\Programs\Python\Python313\Lib\site-
packages\_pytest\main.py", line 857 in perform_collect
  File "C:\Users\hiro2\AppData\Local\Programs\Python\Python313\Lib\site-
packages\_pytest\main.py", line 382 in pytest_collection
  File "C:\Users\hiro2\AppData\Local\Programs\Python\Python313\Lib\site-
packages\pluggy\_callers.py", line 121 in _multicall
  File "C:\Users\hiro2\AppData\Local\Programs\Python\Python313\Lib\site-
packages\pluggy\_manager.py", line 120 in _hookexec
  File "C:\Users\hiro2\AppData\Local\Programs\Python\Python313\Lib\site-
packages\pluggy\_hooks.py", line 512 in __call__
  File "C:\Users\hiro2\AppData\Local\Programs\Python\Python313\Lib\site-
packages\_pytest\main.py", line 371 in _main
  File "C:\Users\hiro2\AppData\Local\Programs\Python\Python313\Lib\site-
packages\_pytest\main.py", line 318 in wrap_session
  File "C:\Users\hiro2\AppData\Local\Programs\Python\Python313\Lib\site-
packages\_pytest\main.py", line 365 in pytest_cmdline_main
  File "C:\Users\hiro2\AppData\Local\Programs\Python\Python313\Lib\site-
packages\pluggy\_callers.py", line 121 in _multicall
  File "C:\Users\hiro2\AppData\Local\Programs\Python\Python313\Lib\site-
packages\pluggy\_manager.py", line 120 in _hookexec
  File "C:\Users\hiro2\AppData\Local\Programs\Python\Python313\Lib\site-
packages\pluggy\_hooks.py", line 512 in __call__
  File "C:\Users\hiro2\AppData\Local\Programs\Python\Python313\Lib\site-
packages\_pytest\config\__init__.py", line 197 in main
  File "C:\Users\hiro2\AppData\Local\Programs\Python\Python313\Lib\site-
packages\_pytest\config\__init__.py", line 221 in console_main
  File "C:\Users\hiro2\AppData\Local\Programs\Python\Python313\Scripts\p
ytest.exe\__main__.py", line 6 in <module>
  File "<frozen runpy>", line 88 in _run_code
  File "<frozen runpy>", line 198 in _run_module_as_main
Windows fatal exception: code 0xc0000139

Current thread 0x000080d4 (most recent call first):
  File "<frozen importlib._bootstrap>", line 488 in _call_with_frames_re
moved
  File "<frozen importlib._bootstrap_external>", line 1320 in create_mod
ule
  File "<frozen importlib._bootstrap>", line 813 in module_from_spec
  File "<frozen importlib._bootstrap>", line 921 in _load_unlocked
  File "<frozen importlib._bootstrap>", line 1331 in _find_and_load_unlo
cked
  File "<frozen importlib._bootstrap>", line 1360 in _find_and_load
  File "E:\Research\Calculation\moleditpy\DEV_MAIN\python_molecular_edit
or\tests\integration\conftest.py", line 193 in <module>
  File "C:\Users\hiro2\AppData\Local\Programs\Python\Python313\Lib\site-
packages\_pytest\assertion\rewrite.py", line 197 in exec_module
  File "<frozen importlib._bootstrap>", line 935 in _load_unlocked
  File "<frozen importlib._bootstrap>", line 1331 in _find_and_load_unlo
cked
  File "<frozen importlib._bootstrap>", line 1360 in _find_and_load
  File "<frozen importlib._bootstrap>", line 1387 in _gcd_import
  File "C:\Users\hiro2\AppData\Local\Programs\Python\Python313\Lib\impor
tlib\__init__.py", line 88 in import_module
  File "C:\Users\hiro2\AppData\Local\Programs\Python\Python313\Lib\site-
packages\_pytest\pathlib.py", line 587 in import_path
  File "C:\Users\hiro2\AppData\Local\Programs\Python\Python313\Lib\site-
packages\_pytest\config\__init__.py", line 728 in _importconftest
  File "C:\Users\hiro2\AppData\Local\Programs\Python\Python313\Lib\site-
packages\_pytest\config\__init__.py", line 677 in _loadconftestmodules
  File "C:\Users\hiro2\AppData\Local\Programs\Python\Python313\Lib\site-
packages\_pytest\runner.py", line 389 in collect
  File "C:\Users\hiro2\AppData\Local\Programs\Python\Python313\Lib\site-
packages\_pytest\runner.py", line 353 in from_call
  File "C:\Users\hiro2\AppData\Local\Programs\Python\Python313\Lib\site-
packages\_pytest\runner.py", line 400 in pytest_make_collect_report
  File "C:\Users\hiro2\AppData\Local\Programs\Python\Python313\Lib\site-
packages\pluggy\_callers.py", line 121 in _multicall
  File "C:\Users\hiro2\AppData\Local\Programs\Python\Python313\Lib\site-
packages\pluggy\_manager.py", line 120 in _hookexec
  File "C:\Users\hiro2\AppData\Local\Programs\Python\Python313\Lib\site-
packages\pluggy\_hooks.py", line 512 in __call__
  File "C:\Users\hiro2\AppData\Local\Programs\Python\Python313\Lib\site-
packages\_pytest\runner.py", line 576 in collect_one_node
  File "C:\Users\hiro2\AppData\Local\Programs\Python\Python313\Lib\site-
packages\_pytest\main.py", line 883 in _collect_one_node
  File "C:\Users\hiro2\AppData\Local\Programs\Python\Python313\Lib\site-
packages\_pytest\main.py", line 1020 in genitems
  File "C:\Users\hiro2\AppData\Local\Programs\Python\Python313\Lib\site-
packages\_pytest\main.py", line 1023 in genitems
  File "C:\Users\hiro2\AppData\Local\Programs\Python\Python313\Lib\site-
packages\_pytest\main.py", line 1023 in genitems
  File "C:\Users\hiro2\AppData\Local\Programs\Python\Python313\Lib\site-
packages\_pytest\main.py", line 857 in perform_collect
  File "C:\Users\hiro2\AppData\Local\Programs\Python\Python313\Lib\site-
packages\_pytest\main.py", line 382 in pytest_collection
  File "C:\Users\hiro2\AppData\Local\Programs\Python\Python313\Lib\site-
packages\pluggy\_callers.py", line 121 in _multicall
  File "C:\Users\hiro2\AppData\Local\Programs\Python\Python313\Lib\site-
packages\pluggy\_manager.py", line 120 in _hookexec
  File "C:\Users\hiro2\AppData\Local\Programs\Python\Python313\Lib\site-
packages\pluggy\_hooks.py", line 512 in __call__
  File "C:\Users\hiro2\AppData\Local\Programs\Python\Python313\Lib\site-
packages\_pytest\main.py", line 371 in _main
  File "C:\Users\hiro2\AppData\Local\Programs\Python\Python313\Lib\site-
packages\_pytest\main.py", line 318 in wrap_session
  File "C:\Users\hiro2\AppData\Local\Programs\Python\Python313\Lib\site-
packages\_pytest\main.py", line 365 in pytest_cmdline_main
  File "C:\Users\hiro2\AppData\Local\Programs\Python\Python313\Lib\site-
packages\pluggy\_callers.py", line 121 in _multicall
  File "C:\Users\hiro2\AppData\Local\Programs\Python\Python313\Lib\site-
packages\pluggy\_manager.py", line 120 in _hookexec
  File "C:\Users\hiro2\AppData\Local\Programs\Python\Python313\Lib\site-
packages\pluggy\_hooks.py", line 512 in __call__
  File "C:\Users\hiro2\AppData\Local\Programs\Python\Python313\Lib\site-
packages\_pytest\config\__init__.py", line 197 in main
  File "C:\Users\hiro2\AppData\Local\Programs\Python\Python313\Lib\site-
packages\_pytest\config\__init__.py", line 221 in console_main
  File "C:\Users\hiro2\AppData\Local\Programs\Python\Python313\Scripts\p
ytest.exe\__main__.py", line 6 in <module>
  File "<frozen runpy>", line 88 in _run_code
  File "<frozen runpy>", line 198 in _run_module_as_main
Windows fatal exception: code 0xc0000139

Current thread 0x000080d4 (most recent call first):
  File "<frozen importlib._bootstrap>", line 488 in _call_with_frames_re
moved
  File "<frozen importlib._bootstrap_external>", line 1320 in create_mod
ule
  File "<frozen importlib._bootstrap>", line 813 in module_from_spec
  File "<frozen importlib._bootstrap>", line 921 in _load_unlocked
  File "<frozen importlib._bootstrap>", line 1331 in _find_and_load_unlo
cked
  File "<frozen importlib._bootstrap>", line 1360 in _find_and_load
  File "E:\Research\Calculation\moleditpy\DEV_MAIN\python_molecular_edit
or\tests\unit\conftest.py", line 5 in <module>
  File "C:\Users\hiro2\AppData\Local\Programs\Python\Python313\Lib\site-
packages\_pytest\assertion\rewrite.py", line 197 in exec_module
  File "<frozen importlib._bootstrap>", line 935 in _load_unlocked
  File "<frozen importlib._bootstrap>", line 1331 in _find_and_load_unlo
cked
  File "<frozen importlib._bootstrap>", line 1360 in _find_and_load
  File "<frozen importlib._bootstrap>", line 1387 in _gcd_import
  File "C:\Users\hiro2\AppData\Local\Programs\Python\Python313\Lib\impor
tlib\__init__.py", line 88 in import_module
  File "C:\Users\hiro2\AppData\Local\Programs\Python\Python313\Lib\site-
packages\_pytest\pathlib.py", line 587 in import_path
  File "C:\Users\hiro2\AppData\Local\Programs\Python\Python313\Lib\site-
packages\_pytest\config\__init__.py", line 728 in _importconftest
  File "C:\Users\hiro2\AppData\Local\Programs\Python\Python313\Lib\site-
packages\_pytest\config\__init__.py", line 677 in _loadconftestmodules
  File "C:\Users\hiro2\AppData\Local\Programs\Python\Python313\Lib\site-
packages\_pytest\runner.py", line 389 in collect
  File "C:\Users\hiro2\AppData\Local\Programs\Python\Python313\Lib\site-
packages\_pytest\runner.py", line 353 in from_call
  File "C:\Users\hiro2\AppData\Local\Programs\Python\Python313\Lib\site-
packages\_pytest\runner.py", line 400 in pytest_make_collect_report
  File "C:\Users\hiro2\AppData\Local\Programs\Python\Python313\Lib\site-
packages\pluggy\_callers.py", line 121 in _multicall
  File "C:\Users\hiro2\AppData\Local\Programs\Python\Python313\Lib\site-
packages\pluggy\_manager.py", line 120 in _hookexec
  File "C:\Users\hiro2\AppData\Local\Programs\Python\Python313\Lib\site-
packages\pluggy\_hooks.py", line 512 in __call__
  File "C:\Users\hiro2\AppData\Local\Programs\Python\Python313\Lib\site-
packages\_pytest\runner.py", line 576 in collect_one_node
  File "C:\Users\hiro2\AppData\Local\Programs\Python\Python313\Lib\site-
packages\_pytest\main.py", line 883 in _collect_one_node
  File "C:\Users\hiro2\AppData\Local\Programs\Python\Python313\Lib\site-
packages\_pytest\main.py", line 1020 in genitems
  File "C:\Users\hiro2\AppData\Local\Programs\Python\Python313\Lib\site-
packages\_pytest\main.py", line 1023 in genitems
  File "C:\Users\hiro2\AppData\Local\Programs\Python\Python313\Lib\site-
packages\_pytest\main.py", line 1023 in genitems
  File "C:\Users\hiro2\AppData\Local\Programs\Python\Python313\Lib\site-
packages\_pytest\main.py", line 857 in perform_collect
  File "C:\Users\hiro2\AppData\Local\Programs\Python\Python313\Lib\site-
packages\_pytest\main.py", line 382 in pytest_collection
  File "C:\Users\hiro2\AppData\Local\Programs\Python\Python313\Lib\site-
packages\pluggy\_callers.py", line 121 in _multicall
  File "C:\Users\hiro2\AppData\Local\Programs\Python\Python313\Lib\site-
packages\pluggy\_manager.py", line 120 in _hookexec
  File "C:\Users\hiro2\AppData\Local\Programs\Python\Python313\Lib\site-
packages\pluggy\_hooks.py", line 512 in __call__
  File "C:\Users\hiro2\AppData\Local\Programs\Python\Python313\Lib\site-
packages\_pytest\main.py", line 371 in _main
  File "C:\Users\hiro2\AppData\Local\Programs\Python\Python313\Lib\site-
packages\_pytest\main.py", line 318 in wrap_session
  File "C:\Users\hiro2\AppData\Local\Programs\Python\Python313\Lib\site-
packages\_pytest\main.py", line 365 in pytest_cmdline_main
  File "C:\Users\hiro2\AppData\Local\Programs\Python\Python313\Lib\site-
packages\pluggy\_callers.py", line 121 in _multicall
  File "C:\Users\hiro2\AppData\Local\Programs\Python\Python313\Lib\site-
packages\pluggy\_manager.py", line 120 in _hookexec
  File "C:\Users\hiro2\AppData\Local\Programs\Python\Python313\Lib\site-
packages\pluggy\_hooks.py", line 512 in __call__
  File "C:\Users\hiro2\AppData\Local\Programs\Python\Python313\Lib\site-
packages\_pytest\config\__init__.py", line 197 in main
  File "C:\Users\hiro2\AppData\Local\Programs\Python\Python313\Lib\site-
packages\_pytest\config\__init__.py", line 221 in console_main
  File "C:\Users\hiro2\AppData\Local\Programs\Python\Python313\Scripts\p
ytest.exe\__main__.py", line 6 in <module>
  File "<frozen runpy>", line 88 in _run_code
  File "<frozen runpy>", line 198 in _run_module_as_main
============================= test session starts =============================
platform win32 -- Python 3.13.7, pytest-9.0.1, pluggy-1.6.0
PySide6 6.9.3 -- Qt runtime 6.9.3 -- Qt compiled 6.9.3
rootdir: E:\Research\Calculation\moleditpy\DEV_MAIN\python_molecular_editor
plugins: anyio-4.12.0, cov-7.0.0, mock-3.15.1, qt-4.5.0, timeout-2.4.0
collected 0 items / 3 errors

=================================== ERRORS ====================================
_________________________ ERROR collecting tests/gui __________________________
C:\Users\hiro2\AppData\Local\Programs\Python\Python313\Lib\importlib\__init__.py:88: in import_module
    return _bootstrap._gcd_import(name[level:], package, level)
           ^^^^^^^^^^^^^^^^^^^^^^^^^^^^^^^^^^^^^^^^^^^^^^^^^^^^
<frozen importlib._bootstrap>:1387: in _gcd_import
    ???
<frozen importlib._bootstrap>:1360: in _find_and_load
    ???
<frozen importlib._bootstrap>:1331: in _find_and_load_unlocked
    ???
<frozen importlib._bootstrap>:935: in _load_unlocked
    ???
C:\Users\hiro2\AppData\Local\Programs\Python\Python313\Lib\site-packages\_pytest\assertion\rewrite.py:197: in exec_module
    exec(co, module.__dict__)
tests\gui\conftest.py:5: in <module>
    from PyQt6.QtWidgets import QApplication
E   ImportError: DLL load failed while importing QtWidgets: 指定されたプロシージャが見つかりません。
_____________________ ERROR collecting tests/integration ______________________
C:\Users\hiro2\AppData\Local\Programs\Python\Python313\Lib\importlib\__init__.py:88: in import_module
    return _bootstrap._gcd_import(name[level:], package, level)
           ^^^^^^^^^^^^^^^^^^^^^^^^^^^^^^^^^^^^^^^^^^^^^^^^^^^^
<frozen importlib._bootstrap>:1387: in _gcd_import
    ???
<frozen importlib._bootstrap>:1360: in _find_and_load
    ???
<frozen importlib._bootstrap>:1331: in _find_and_load_unlocked
    ???
<frozen importlib._bootstrap>:935: in _load_unlocked
    ???
C:\Users\hiro2\AppData\Local\Programs\Python\Python313\Lib\site-packages\_pytest\assertion\rewrite.py:197: in exec_module
    exec(co, module.__dict__)
tests\integration\conftest.py:193: in <module>
    from PyQt6.QtWidgets import QApplication
E   ImportError: DLL load failed while importing QtWidgets: 指定されたプロシージャが見つかりません。
_________________________ ERROR collecting tests/unit _________________________
C:\Users\hiro2\AppData\Local\Programs\Python\Python313\Lib\importlib\__init__.py:88: in import_module
    return _bootstrap._gcd_import(name[level:], package, level)
           ^^^^^^^^^^^^^^^^^^^^^^^^^^^^^^^^^^^^^^^^^^^^^^^^^^^^
<frozen importlib._bootstrap>:1387: in _gcd_import
    ???
<frozen importlib._bootstrap>:1360: in _find_and_load
    ???
<frozen importlib._bootstrap>:1331: in _find_and_load_unlocked
    ???
<frozen importlib._bootstrap>:935: in _load_unlocked
    ???
C:\Users\hiro2\AppData\Local\Programs\Python\Python313\Lib\site-packages\_pytest\assertion\rewrite.py:197: in exec_module
    exec(co, module.__dict__)
tests\unit\conftest.py:5: in <module>
    from PyQt6.QtWidgets import QApplication
E   ImportError: DLL load failed while importing QtWidgets: 指定されたプロシージャが見つかりません。
=========================== short test summary info ===========================
ERROR tests/gui - ImportError: DLL load failed while importing QtWidgets: 指...
ERROR tests/integration - ImportError: DLL load failed while importing QtWidg...
ERROR tests/unit - ImportError: DLL load failed while importing QtWidgets: 指...
!!!!!!!!!!!!!!!!!!! Interrupted: 3 errors during collection !!!!!!!!!!!!!!!!!!!
============================== 3 errors in 5.24s ==============================
